
   PASS  Tests\Unit\ExampleTest
  Γ£ô that true is true                          0.01s  

   PASS  Tests\Unit\ModuleTest
  Γ£ô module slug is generated correctly         0.56s  
  Γ£ô module can have teachers                   0.03s  
  Γ£ô module can have enrollments                0.03s  

   PASS  Tests\Feature\Auth\AuthenticationTest
  Γ£ô login screen can be rendered               0.08s  
  Γ£ô users can authenticate using the login scΓÇª 0.10s  
  Γ£ô users can not authenticate with invalid pΓÇª 0.25s  
  Γ£ô users can logout                           0.04s  

   PASS  Tests\Feature\Auth\EmailVerificationTest
  Γ£ô email verification screen can be rendered  0.04s  
  Γ£ô email can be verified                      0.05s  
  Γ£ô email is not verified with invalid hash    0.05s  

   PASS  Tests\Feature\Auth\PasswordConfirmationTest
  Γ£ô confirm password screen can be rendered    0.05s  
  Γ£ô password can be confirmed                  0.03s  
  Γ£ô password is not confirmed with invalid paΓÇª 0.24s  

   PASS  Tests\Feature\Auth\PasswordResetTest
  Γ£ô reset password link screen can be rendereΓÇª 0.04s  
  Γ£ô reset password link can be requested       0.24s  
  Γ£ô reset password screen can be rendered      0.26s  
  Γ£ô password can be reset with valid token     0.27s  

   PASS  Tests\Feature\Auth\PasswordUpdateTest
  Γ£ô password can be updated                    0.06s  
  Γ£ô correct password must be provided to updaΓÇª 0.04s  

   FAIL  Tests\Feature\Auth\RegistrationTest
  Γ£ô registration screen can be rendered        0.05s  
  Γ¿» new users can register                     2.74s  

   PASS  Tests\Feature\ExampleTest
  Γ£ô the application returns a successful respΓÇª 0.04s  

   FAIL  Tests\Feature\LoginUserLivewireTest
  Γ¿» it can login a user via livewire componenΓÇª 0.04s  
  Γ¿» it fails with invalid credentials          0.04s  

   FAIL  Tests\Feature\LogoutTest
  Γ¿» authenticated user can logout              0.04s  

   PASS  Tests\Feature\ProfileTest
  Γ£ô profile page is displayed                  0.06s  
  Γ£ô profile information can be updated         0.04s  
  Γ£ô email verification status is unchanged whΓÇª 0.04s  
  Γ£ô user can delete their account              0.04s  
  Γ£ô correct password must be provided to deleΓÇª 0.04s  

   FAIL  Tests\Feature\RegisterUserLivewireTest
  Γ¿» it can register a user via livewire compoΓÇª 0.10s  
  Γ£ô it requires valid email                    0.07s  

   PASS  Tests\Feature\RoleAccessTest
  Γ£ô admin dashboard access                     0.05s  
  Γ£ô student cannot access admin dashboard      0.03s  
  ΓöÇΓöÇΓöÇΓöÇΓöÇΓöÇΓöÇΓöÇΓöÇΓöÇΓöÇΓöÇΓöÇΓöÇΓöÇΓöÇΓöÇΓöÇΓöÇΓöÇΓöÇΓöÇΓöÇΓöÇΓöÇΓöÇΓöÇΓöÇΓöÇΓöÇΓöÇΓöÇΓöÇΓöÇΓöÇΓöÇΓöÇΓöÇΓöÇΓöÇΓöÇΓöÇΓöÇΓöÇΓöÇΓöÇΓöÇΓöÇΓöÇΓöÇ  
   FAILED  Tests\Feature\Auth\RegistrationTest > nΓÇª   
  The user is not authenticated
Failed asserting that false is true.

  at tests\Feature\Auth\RegistrationTest.php:28
     24Γûò             'password' => 'password',
     25Γûò             'password_confirmation' => 'password',
     26Γûò         ]);
     27Γûò 
  Γ₧£  28Γûò         $this->assertAuthenticated();
     29Γûò         $response->assertRedirect(route('dashboard', absolute: false));
     30Γûò     }
     31Γûò }
     32Γûò

  ΓöÇΓöÇΓöÇΓöÇΓöÇΓöÇΓöÇΓöÇΓöÇΓöÇΓöÇΓöÇΓöÇΓöÇΓöÇΓöÇΓöÇΓöÇΓöÇΓöÇΓöÇΓöÇΓöÇΓöÇΓöÇΓöÇΓöÇΓöÇΓöÇΓöÇΓöÇΓöÇΓöÇΓöÇΓöÇΓöÇΓöÇΓöÇΓöÇΓöÇΓöÇΓöÇΓöÇΓöÇΓöÇΓöÇΓöÇΓöÇΓöÇΓöÇ  
   FAILED  TesΓÇª  UniqueConstraintViolationException   
  SQLSTATE[23000]: Integrity constraint violation: 19 UNIQUE constraint failed: user_roles.role (Connection: sqlite, SQL: insert into "user_roles" ("role", "updated_at", "created_at") values (Old Student, 2026-01-13 10:57:36, 2026-01-13 10:57:36))

  at vendor\laravel\framework\src\Illuminate\Database\Connection.php:819
    815Γûò         // message to include the bindings with SQL, which will make this exception a
    816Γûò         // lot more helpful to the developer instead of just the database's errors.
    817Γûò         catch (Exception $e) {
    818Γûò             if ($this->isUniqueConstraintError($e)) {
  Γ₧£ 819Γûò                 throw new UniqueConstraintViolationException(
    820Γûò                     $this->getName(), $query, $this->prepareBindings($bindings), $e
    821Γûò                 );
    822Γûò             }
    823Γûò

  1   vendor\laravel\framework\src\Illuminate\Database\Connection.php:819

  2   vendor\laravel\framework\src\Illuminate\Database\Connection.php:570
      NunoMaduro\Collision\Exceptions\TestException::("SQLSTATE[23000]: Integrity constraint violation: 19 UNIQUE constraint failed: user_roles.role")

  ΓöÇΓöÇΓöÇΓöÇΓöÇΓöÇΓöÇΓöÇΓöÇΓöÇΓöÇΓöÇΓöÇΓöÇΓöÇΓöÇΓöÇΓöÇΓöÇΓöÇΓöÇΓöÇΓöÇΓöÇΓöÇΓöÇΓöÇΓöÇΓöÇΓöÇΓöÇΓöÇΓöÇΓöÇΓöÇΓöÇΓöÇΓöÇΓöÇΓöÇΓöÇΓöÇΓöÇΓöÇΓöÇΓöÇΓöÇΓöÇΓöÇΓöÇ  
   FAILED  TesΓÇª  UniqueConstraintViolationException   
  SQLSTATE[23000]: Integrity constraint violation: 19 UNIQUE constraint failed: user_roles.role (Connection: sqlite, SQL: insert into "user_roles" ("role", "updated_at", "created_at") values (Old Student, 2026-01-13 10:57:36, 2026-01-13 10:57:36))

  at vendor\laravel\framework\src\Illuminate\Database\Connection.php:819
    815Γûò         // message to include the bindings with SQL, which will make this exception a
    816Γûò         // lot more helpful to the developer instead of just the database's errors.
    817Γûò         catch (Exception $e) {
    818Γûò             if ($this->isUniqueConstraintError($e)) {
  Γ₧£ 819Γûò                 throw new UniqueConstraintViolationException(
    820Γûò                     $this->getName(), $query, $this->prepareBindings($bindings), $e
    821Γûò                 );
    822Γûò             }
    823Γûò

  1   vendor\laravel\framework\src\Illuminate\Database\Connection.php:819

  2   vendor\laravel\framework\src\Illuminate\Database\Connection.php:570
      NunoMaduro\Collision\Exceptions\TestException::("SQLSTATE[23000]: Integrity constraint violation: 19 UNIQUE constraint failed: user_roles.role")

  ΓöÇΓöÇΓöÇΓöÇΓöÇΓöÇΓöÇΓöÇΓöÇΓöÇΓöÇΓöÇΓöÇΓöÇΓöÇΓöÇΓöÇΓöÇΓöÇΓöÇΓöÇΓöÇΓöÇΓöÇΓöÇΓöÇΓöÇΓöÇΓöÇΓöÇΓöÇΓöÇΓöÇΓöÇΓöÇΓöÇΓöÇΓöÇΓöÇΓöÇΓöÇΓöÇΓöÇΓöÇΓöÇΓöÇΓöÇΓöÇΓöÇΓöÇ  
   FAILED  TesΓÇª  UniqueConstraintViolationException   
  SQLSTATE[23000]: Integrity constraint violation: 19 UNIQUE constraint failed: user_roles.role (Connection: sqlite, SQL: insert into "user_roles" ("role", "updated_at", "created_at") values (Teacher, 2026-01-13 10:57:36, 2026-01-13 10:57:36))

  at vendor\laravel\framework\src\Illuminate\Database\Connection.php:819
    815Γûò         // message to include the bindings with SQL, which will make this exception a
    816Γûò         // lot more helpful to the developer instead of just the database's errors.
    817Γûò         catch (Exception $e) {
    818Γûò             if ($this->isUniqueConstraintError($e)) {
  Γ₧£ 819Γûò                 throw new UniqueConstraintViolationException(
    820Γûò                     $this->getName(), $query, $this->prepareBindings($bindings), $e
    821Γûò                 );
    822Γûò             }
    823Γûò

  1   vendor\laravel\framework\src\Illuminate\Database\Connection.php:819

  2   vendor\laravel\framework\src\Illuminate\Database\Connection.php:570
      NunoMaduro\Collision\Exceptions\TestException::("SQLSTATE[23000]: Integrity constraint violation: 19 UNIQUE constraint failed: user_roles.role")

  ΓöÇΓöÇΓöÇΓöÇΓöÇΓöÇΓöÇΓöÇΓöÇΓöÇΓöÇΓöÇΓöÇΓöÇΓöÇΓöÇΓöÇΓöÇΓöÇΓöÇΓöÇΓöÇΓöÇΓöÇΓöÇΓöÇΓöÇΓöÇΓöÇΓöÇΓöÇΓöÇΓöÇΓöÇΓöÇΓöÇΓöÇΓöÇΓöÇΓöÇΓöÇΓöÇΓöÇΓöÇΓöÇΓöÇΓöÇΓöÇΓöÇΓöÇ  
   FAILED  Tests\Feature\RegisterUΓÇª  QueryException   
  SQLSTATE[23000]: Integrity constraint violation: 19 NOT NULL constraint failed: users.user_role_id (Connection: sqlite, SQL: insert into "users" ("name", "email", "password", "user_role_id", "updated_at", "created_at") values (Livewire User, livewire@example.com, $2y$04$xrAgx4DiE666DeZwhfYz6eFpO7UGtbZjeSUX1jcpMb1Y7A2.lttR6, ?, 2026-01-13 10:57:36, 2026-01-13 10:57:36))

  at vendor\laravel\framework\src\Illuminate\Database\Connection.php:824
    820Γûò                     $this->getName(), $query, $this->prepareBindings($bindings), $e
    821Γûò                 );
    822Γûò             }
    823Γûò 
  Γ₧£ 824Γûò             throw new QueryException(
    825Γûò                 $this->getName(), $query, $this->prepareBindings($bindings), $e
    826Γûò             );
    827Γûò         }
    828Γûò     }

  1   vendor\laravel\framework\src\Illuminate\Database\Connection.php:824

  2   vendor\laravel\framework\src\Illuminate\Database\Connection.php:570
      NunoMaduro\Collision\Exceptions\TestException::("SQLSTATE[23000]: Integrity constraint violation: 19 NOT NULL constraint failed: users.user_role_id")


  Tests:    5 failed, 30 passed (69 assertions)
  Duration: 6.32s

